<!DOCTYPE html>
<html lang="en">
<head>
    <meta http-equiv="refresh" content="0;URL=../../frida_gum_sys/constant.GVariantParseError_G_VARIANT_PARSE_ERROR_DEFINITE_TYPE_EXPECTED.html">
    <title>Redirection</title>
</head>
<body>
    <p>Redirecting to <a href="../../frida_gum_sys/constant.GVariantParseError_G_VARIANT_PARSE_ERROR_DEFINITE_TYPE_EXPECTED.html">../../frida_gum_sys/constant.GVariantParseError_G_VARIANT_PARSE_ERROR_DEFINITE_TYPE_EXPECTED.html</a>...</p>
    <script>location.replace("../../frida_gum_sys/constant.GVariantParseError_G_VARIANT_PARSE_ERROR_DEFINITE_TYPE_EXPECTED.html" + location.search + location.hash);</script>
</body>
</html>